CLIENT_UI: Jae W. is signed up.
CLIENT_UI: Doyle is signed up.
CLIENT_UI: Invalid username or password.
CLIENT_UI: Jae W. is logged in.
CLIENT_UI: tissue is added to the cart.
CLIENT_UI: chair is added to the cart.
CLIENT_UI: desk is added to the cart.
CLIENT_UI: Cart: [(tissue, 2700), (chair, 18000), (desk, 45000)]
CLIENT_UI: Cart purchase completed. Total price: 65700.
CLIENT_UI: Please logout first.
CLIENT_UI: Jae W. is logged out.
CLIENT_UI: Please login first.
CLIENT_UI: Doyle is logged in.
CLIENT_UI: Purchase completed. Price: 20000.
CLIENT_UI: Doyle is logged out.
CLIENT_UI: There is no logged-in user.
