32 2 9 1 (dt 0)(dt 0)(dt 0)(dt 1)(dt 1)(dt 1)(dt 0)(dt 0)
