CLIENT_UI: SeungYul is signed up.
CLIENT_UI: Soosung is signed up.
CLIENT_UI: Rihae is signed up.
CLIENT_UI: SeungYul is logged in.
CLIENT_UI: Purchase completed. Price: 20000.
CLIENT_UI: Purchase completed. Price: 20000.
CLIENT_UI: Purchase completed. Price: 20000.
CLIENT_UI: Purchase completed. Price: 50000.
CLIENT_UI: SeungYul is logged out.
CLIENT_UI: Rihae is logged in.
CLIENT_UI: Purchase completed. Price: 20000.
CLIENT_UI: Purchase completed. Price: 3000.
CLIENT_UI: Recommended products: [(tissue, 3000), (chair, 20000)]
CLIENT_UI: Rihae is logged out.
CLIENT_UI: Jae W. is logged in.
CLIENT_UI: Recommended products: [(desk, 45000), (tissue, 2700), (chair, 18000)]
CLIENT_UI: Jae W. is logged out.
